




















  <link rel="stylesheet" href="bar.css">



  <link rel="stylesheet" href="bar_or_foo.css">











