<!--(if target dev)><!-->
  <link rel="stylesheet" href="dev.css">
<!--<!(endif)-->

<!--(if target dev)><!-->
  <script src="dev.js"></script>
  <script>
    var less = { env:'development' };
  </script>
<!--<!(endif)-->



<!--(if target dist)>
  <link rel="stylesheet" href="release.css">
<!(endif)-->

<!--(if target dist)>
  <script src="release.js"></script>
<!(endif)-->



<!--(if target release)>
  <link rel="stylesheet" href="release.css?{{cssver}}">
<!(endif)-->

<!--(if target release)>
  <script src="release.js?{{jsver}}"></script>
<!(endif)-->



<!--(if target foo)><!-->
  <link rel="stylesheet" href="foo.css">
<!--<!(endif)-->

<!--(if target bar)><!-->
  <link rel="stylesheet" href="bar.css">
<!--<!(endif)-->

<!--(if target bar || foo)><!-->
  <link rel="stylesheet" href="bar_or_foo.css">
<!--<!(endif)-->

<!--(if target !bar)><!-->
  <link rel="stylesheet" href="not_bar.css">
<!--<!(endif)-->

<!--(if target !(bar || foo))><!-->
  <link rel="stylesheet" href="not_bar_and_not_foo.css">
<!--<!(endif)-->

<!--(if someKey someStringValue><!-->
  <link rel="stylesheet" href="some_key_value.css">
<!--<!(endif)-->

<!--(if someKey (someStringValue || someOtherStringValue)><!-->
  <link rel="stylesheet" href="some_key_values.css">
<!--<!(endif)-->

<!--(if someKey)><!-->
  <link rel="stylesheet" href="somefunction.css">
<!--<!(endif)-->
