






  <link rel="stylesheet" href="release.css">



  <script src="release.js"></script>

















  <link rel="stylesheet" href="not_bar.css">



  <link rel="stylesheet" href="not_bar_and_not_foo.css">







