


















  <link rel="stylesheet" href="foo.css">





  <link rel="stylesheet" href="bar_or_foo.css">



  <link rel="stylesheet" href="not_bar.css">









