












  <link rel="stylesheet" href="release.css?001">



  <script src="release.js?002"></script>











  <link rel="stylesheet" href="not_bar.css">



  <link rel="stylesheet" href="not_bar_and_not_foo.css">







